[GIN-debug] [WARNING] Creating an Engine instance with the Logger and Recovery middleware already attached.

[GIN-debug] [WARNING] Running in "debug" mode. Switch to "release" mode in production.
 - using env:	export GIN_MODE=release
 - using code:	gin.SetMode(gin.ReleaseMode)

[GIN-debug] POST   /api/auth/login           --> github.com/sera/portfolio-backend/internal/handlers.Login (4 handlers)
[GIN-debug] GET    /api/projects             --> github.com/sera/portfolio-backend/internal/handlers.GetProjects (4 handlers)
[GIN-debug] GET    /api/projects/:slug       --> github.com/sera/portfolio-backend/internal/handlers.GetProjectBySlug (4 handlers)
[GIN-debug] GET    /api/admin/projects       --> github.com/sera/portfolio-backend/internal/handlers.AdminGetProjects (5 handlers)
[GIN-debug] POST   /api/admin/projects       --> github.com/sera/portfolio-backend/internal/handlers.CreateProject (5 handlers)
[GIN-debug] PUT    /api/admin/projects/:id   --> github.com/sera/portfolio-backend/internal/handlers.UpdateProject (5 handlers)
[GIN-debug] DELETE /api/admin/projects/:id   --> github.com/sera/portfolio-backend/internal/handlers.DeleteProject (5 handlers)
[GIN-debug] PATCH  /api/admin/projects/:id   --> github.com/sera/portfolio-backend/internal/handlers.UpdateProjectStatus (5 handlers)
[GIN-debug] [WARNING] You trusted all proxies, this is NOT safe. We recommend you to set a value.
Please check https://github.com/gin-gonic/gin/blob/master/docs/doc.md#dont-trust-all-proxies for details.
[GIN-debug] Listening and serving HTTP on :8080
[GIN] 2026/08/23 - 11:11:19 | 404 | 22.983µs |             ::1 | GET      "/"
[GIN] 2026/08/23 - 11:11:19 | 404 | 10.967µs |             ::1 | GET      "/favicon.ico"
[GIN] 2026/08/23 - 11:20:33 | 200 |   9.05ms |             ::1 | GET      "/api/projects"
[GIN] 2026/08/23 - 11:21:43 | 200 |  14.18ms |             ::1 | GET      "/api/projects"
[GIN] 2026/08/23 - 11:21:51 | 204 | 622.575µs |             ::1 | OPTIONS  "/api/auth/login"
[GIN] 2026/08/23 - 11:21:51 | 401 |   42.3ms |             ::1 | POST     "/api/auth/login"
[GIN] 2026/08/23 - 11:23:18 | 200 |   3.04ms |             ::1 | GET      "/api/projects"
[GIN] 2026/08/23 - 11:23:22 | 200 |   2.04ms |             ::1 | GET      "/api/projects"
[GIN] 2026/08/23 - 11:23:38 | 200 |   1.64ms |             ::1 | GET      "/api/projects"
[GIN] 2026/08/23 - 11:25:05 | 200 |  13.51ms |             ::1 | GET      "/api/projects"
[GIN] 2026/08/23 - 11:25:06 | 200 |   2.61ms |             ::1 | GET      "/api/projects"
[GIN] 2026/08/23 - 11:26:00 | 204 |  4.812µs |             ::1 | OPTIONS  "/api/auth/login"
[GIN] 2026/08/23 - 11:26:00 | 401 | 216.453µs |             ::1 | POST     "/api/auth/login"
[GIN] 2026/08/23 - 11:26:02 | 401 | 49.366µs |             ::1 | POST     "/api/auth/login"
[GIN] 2026/08/23 - 11:26:15 | 200 |   2.04ms |             ::1 | GET      "/api/projects"
[GIN] 2026/08/23 - 11:26:15 | 200 |   8.43ms |             ::1 | GET      "/api/projects"
[GIN] 2026/08/23 - 11:26:49 | 200 |   3.54ms |             ::1 | GET      "/api/projects"
[GIN] 2026/08/23 - 11:27:15 | 200 |    2.5ms |             ::1 | GET      "/api/projects"
[GIN] 2026/08/23 - 11:27:18 | 200 |   5.13ms |             ::1 | GET      "/api/projects"
[GIN] 2026/08/23 - 11:28:19 | 200 |   3.99ms |             ::1 | GET      "/api/projects"
[GIN] 2026/08/23 - 11:28:27 | 200 | 396.147µs |             ::1 | GET      "/api/projects"
[GIN] 2026/08/23 - 11:32:59 | 200 |    5.3ms |             ::1 | GET      "/api/projects"
[GIN] 2026/08/23 - 11:35:31 | 200 |   5.23ms |             ::1 | GET      "/api/projects"
signal: killed
